[    3157ms] [INFO] %cDownload the React DevTools for a better development experience: https://react.dev/link/react-devtools font-weight:bold @ http://localhost:3107/_next/static/chunks/node_modules_next_dist_1ybzpk2._.js:2477
[    3893ms] [LOG] [HMR] connected @ http://localhost:3107/_next/static/chunks/node_modules_next_dist_1ybzpk2._.js:2477
[  135422ms] [LOG] [Fast Refresh] rebuilding @ http://localhost:3107/_next/static/chunks/node_modules_next_dist_1ybzpk2._.js:2477
[  135602ms] [LOG] [Fast Refresh] done in 284ms @ http://localhost:3107/_next/static/chunks/node_modules_next_dist_1ybzpk2._.js:2477
[  152980ms] [LOG] [Fast Refresh] rebuilding @ http://localhost:3107/_next/static/chunks/node_modules_next_dist_1ybzpk2._.js:2477
[  153568ms] [LOG] [Fast Refresh] done in 697ms @ http://localhost:3107/_next/static/chunks/node_modules_next_dist_1ybzpk2._.js:2477
[  154319ms] [WARNING] Detected `scroll-behavior: smooth` on the `<html>` element. To disable smooth scrolling during route transitions, add `data-scroll-behavior="smooth"` to your <html> element. Learn more: https://nextjs.org/docs/messages/missing-data-scroll-behavior @ http://localhost:3107/_next/static/chunks/node_modules_next_dist_1ybzpk2._.js:2477
[  154543ms] [LOG] [Fast Refresh] rebuilding @ http://localhost:3107/_next/static/chunks/node_modules_next_dist_1ybzpk2._.js:2477
[  157316ms] [LOG] [Fast Refresh] done in 2876ms @ http://localhost:3107/_next/static/chunks/node_modules_next_dist_1ybzpk2._.js:2477
[  157319ms] [ERROR] Failed to load resource: the server responded with a status of 401 (Unauthorized) @ http://localhost:3107/api/auth/me:0
[  191704ms] [ERROR] WebSocket connection to 'ws://localhost:3107/_next/webpack-hmr?id=2ZCkEHPsPBgiv1RqVCF8J' failed: Error in connection establishment: net::ERR_CONNECTION_REFUSED @ http://localhost:3107/_next/static/chunks/node_modules_next_dist_client_0r5nbpw._.js:13422
[  192720ms] [ERROR] WebSocket connection to 'ws://localhost:3107/_next/webpack-hmr?id=2ZCkEHPsPBgiv1RqVCF8J' failed: Error in connection establishment: net::ERR_CONNECTION_REFUSED @ http://localhost:3107/_next/static/chunks/node_modules_next_dist_client_0r5nbpw._.js:13422
[  193735ms] [ERROR] WebSocket connection to 'ws://localhost:3107/_next/webpack-hmr?id=2ZCkEHPsPBgiv1RqVCF8J' failed: Error in connection establishment: net::ERR_CONNECTION_REFUSED @ http://localhost:3107/_next/static/chunks/node_modules_next_dist_client_0r5nbpw._.js:13422
[  194739ms] [ERROR] WebSocket connection to 'ws://localhost:3107/_next/webpack-hmr?id=2ZCkEHPsPBgiv1RqVCF8J' failed: Error in connection establishment: net::ERR_CONNECTION_REFUSED @ http://localhost:3107/_next/static/chunks/node_modules_next_dist_client_0r5nbpw._.js:13422
[  195748ms] [ERROR] WebSocket connection to 'ws://localhost:3107/_next/webpack-hmr?id=2ZCkEHPsPBgiv1RqVCF8J' failed: Error in connection establishment: net::ERR_CONNECTION_REFUSED @ http://localhost:3107/_next/static/chunks/node_modules_next_dist_client_0r5nbpw._.js:13422
[  200752ms] [ERROR] WebSocket connection to 'ws://localhost:3107/_next/webpack-hmr?id=2ZCkEHPsPBgiv1RqVCF8J' failed: Error in connection establishment: net::ERR_CONNECTION_REFUSED @ http://localhost:3107/_next/static/chunks/node_modules_next_dist_client_0r5nbpw._.js:13422
[  205758ms] [ERROR] WebSocket connection to 'ws://localhost:3107/_next/webpack-hmr?id=2ZCkEHPsPBgiv1RqVCF8J' failed: Error in connection establishment: net::ERR_CONNECTION_REFUSED @ http://localhost:3107/_next/static/chunks/node_modules_next_dist_client_0r5nbpw._.js:13422
[  210763ms] [ERROR] WebSocket connection to 'ws://localhost:3107/_next/webpack-hmr?id=2ZCkEHPsPBgiv1RqVCF8J' failed: Error in connection establishment: net::ERR_CONNECTION_REFUSED @ http://localhost:3107/_next/static/chunks/node_modules_next_dist_client_0r5nbpw._.js:13422
[  215778ms] [ERROR] WebSocket connection to 'ws://localhost:3107/_next/webpack-hmr?id=2ZCkEHPsPBgiv1RqVCF8J' failed: Error in connection establishment: net::ERR_CONNECTION_REFUSED @ http://localhost:3107/_next/static/chunks/node_modules_next_dist_client_0r5nbpw._.js:13422
[  220791ms] [ERROR] WebSocket connection to 'ws://localhost:3107/_next/webpack-hmr?id=2ZCkEHPsPBgiv1RqVCF8J' failed: Error in connection establishment: net::ERR_CONNECTION_REFUSED @ http://localhost:3107/_next/static/chunks/node_modules_next_dist_client_0r5nbpw._.js:13422
[  225804ms] [ERROR] WebSocket connection to 'ws://localhost:3107/_next/webpack-hmr?id=2ZCkEHPsPBgiv1RqVCF8J' failed: Error in connection establishment: net::ERR_CONNECTION_REFUSED @ http://localhost:3107/_next/static/chunks/node_modules_next_dist_client_0r5nbpw._.js:13422
[  230820ms] [ERROR] WebSocket connection to 'ws://localhost:3107/_next/webpack-hmr?id=2ZCkEHPsPBgiv1RqVCF8J' failed: Error in connection establishment: net::ERR_CONNECTION_REFUSED @ http://localhost:3107/_next/static/chunks/node_modules_next_dist_client_0r5nbpw._.js:13422
